Hello, hello, hello
I'm a cow. You're not.
	~Somebody
                         \   ^__^
                          \  (oo)\_______
                             (__)\       )\/\
                                ||----w |
                                ||     ||

