rows[0] = Neutra +1 YOLO, sustainable bitters typewriter
rows[1] = Marfa yr synth. Church-key letterpress freegan
rows[2] = literally authentic Vice, roof party mustache
rows[3] = whatever. Tofu raw denim street art twee plaid
rows[4] = McSweeney's, skateboard Bushwick Austin drinking
rows[5] = vinegar brunch cold-pressed locavore jean shorts
rows[6] = artisan. Meditation fashion axe hella flannel
rows[7] = normcore. Neutra 90's Marfa, heirloom polaroid
rows[8] = chambray narwhal umami +1 viral biodiesel pork
rows[9] = belly kogi DIY gentrify. Bespoke listicle Portland
rows[10] = forage. Helvetica keytar chia Banksy, skateboard
rows[11] = jean shorts Portland put a bird on it banh mi
rows[12] = shabby chic Bushwick.
