rows[0] = AAAAAAAAAAAAAAAAAAAAAAAAAA
rows[1] = AAAAAAAAAAAAAAAAAAAAAAAAAA
rows[2] = AAAAAAAAAAAAAAAAAAAAAAAAAA AAAAAAAAAAAAAAAAAAAAA
